26-09-29.09:17:05.537 [main            ] INFO  RaffleOrderTest        - Starting RaffleOrderTest using Java 17.0.15 on LAPTOP-DN65J67E with PID 20028 (started by SlantedBookshelf in D:\Files\WorkSpace\vip_marketing\vip_marketing_proj\vip_marketing_proj-app)
26-09-29.09:17:05.538 [main            ] INFO  RaffleOrderTest        - The following 1 profile is active: "dev"
26-09-29.09:17:07.294 [main            ] INFO  RepositoryConfigurationDelegate - Multiple Spring Data modules found, entering strict repository configuration mode
26-09-29.09:17:07.297 [main            ] INFO  RepositoryConfigurationDelegate - Bootstrapping Spring Data Redis repositories in DEFAULT mode.
26-09-29.09:17:07.335 [main            ] INFO  RepositoryConfigurationDelegate - Finished Spring Data repository scanning in 17 ms. Found 0 Redis repository interfaces.
26-09-29.09:17:08.619 [main            ] INFO  Version                - Redisson 3.26.0
26-09-29.09:17:09.034 [redisson-netty-1-4] INFO  ConnectionsHolder      - 1 connections initialized for 127.0.0.1/127.0.0.1:6379
26-09-29.09:17:09.049 [redisson-netty-1-13] INFO  ConnectionsHolder      - 5 connections initialized for 127.0.0.1/127.0.0.1:6379
26-09-29.09:17:10.761 [main            ] INFO  EndpointLinksResolver  - Exposing 1 endpoint(s) beneath base path '/actuator'
26-09-29.09:17:10.809 [main            ] INFO  RaffleOrderTest        - Started RaffleOrderTest in 5.63 seconds (JVM running for 6.599)
26-09-29.09:17:10.854 [main            ] ERROR TestContextManager     - Caught exception while allowing TestExecutionListener [org.springframework.boot.test.autoconfigure.SpringBootDependencyInjectionTestExecutionListener@5b38c1ec] to prepare test instance [com.slantedbookshelf.marketing.test.domain.activity.RaffleOrderTest@22e95960]
org.springframework.beans.factory.BeanCreationException: Error creating bean with name 'com.slantedbookshelf.marketing.test.domain.activity.RaffleOrderTest': Injection of resource dependencies failed; nested exception is org.springframework.beans.factory.NoSuchBeanDefinitionException: No qualifying bean of type 'com.slantedbookshelf.marketing.domain.activity.service.IRaffleOrder' available: expected at least 1 bean which qualifies as autowire candidate. Dependency annotations: {@javax.annotation.Resource(shareable=true, lookup="", name="", description="", authenticationType=CONTAINER, type=java.lang.Object.class, mappedName="")}
	at org.springframework.context.annotation.CommonAnnotationBeanPostProcessor.postProcessProperties(CommonAnnotationBeanPostProcessor.java:332)
	at org.springframework.beans.factory.support.AbstractAutowireCapableBeanFactory.populateBean(AbstractAutowireCapableBeanFactory.java:1431)
	at org.springframework.beans.factory.support.AbstractAutowireCapableBeanFactory.autowireBeanProperties(AbstractAutowireCapableBeanFactory.java:417)
	at org.springframework.test.context.support.DependencyInjectionTestExecutionListener.injectDependencies(DependencyInjectionTestExecutionListener.java:119)
	at org.springframework.test.context.support.DependencyInjectionTestExecutionListener.prepareTestInstance(DependencyInjectionTestExecutionListener.java:83)
	at org.springframework.boot.test.autoconfigure.SpringBootDependencyInjectionTestExecutionListener.prepareTestInstance(SpringBootDependencyInjectionTestExecutionListener.java:43)
	at org.springframework.test.context.TestContextManager.prepareTestInstance(TestContextManager.java:248)
	at org.springframework.test.context.junit4.SpringJUnit4ClassRunner.createTest(SpringJUnit4ClassRunner.java:227)
	at org.springframework.test.context.junit4.SpringJUnit4ClassRunner$1.runReflectiveCall(SpringJUnit4ClassRunner.java:289)
	at org.junit.internal.runners.model.ReflectiveCallable.run(ReflectiveCallable.java:12)
	at org.springframework.test.context.junit4.SpringJUnit4ClassRunner.methodBlock(SpringJUnit4ClassRunner.java:291)
	at org.springframework.test.context.junit4.SpringJUnit4ClassRunner.runChild(SpringJUnit4ClassRunner.java:246)
	at org.springframework.test.context.junit4.SpringJUnit4ClassRunner.runChild(SpringJUnit4ClassRunner.java:97)
	at org.junit.runners.ParentRunner$4.run(ParentRunner.java:331)
	at org.junit.runners.ParentRunner$1.schedule(ParentRunner.java:79)
	at org.junit.runners.ParentRunner.runChildren(ParentRunner.java:329)
	at org.junit.runners.ParentRunner.access$100(ParentRunner.java:66)
	at org.junit.runners.ParentRunner$2.evaluate(ParentRunner.java:293)
	at org.springframework.test.context.junit4.statements.RunBeforeTestClassCallbacks.evaluate(RunBeforeTestClassCallbacks.java:61)
	at org.springframework.test.context.junit4.statements.RunAfterTestClassCallbacks.evaluate(RunAfterTestClassCallbacks.java:70)
	at org.junit.runners.ParentRunner$3.evaluate(ParentRunner.java:306)
	at org.junit.runners.ParentRunner.run(ParentRunner.java:413)
	at org.springframework.test.context.junit4.SpringJUnit4ClassRunner.run(SpringJUnit4ClassRunner.java:190)
	at org.junit.runner.JUnitCore.run(JUnitCore.java:137)
	at com.intellij.junit4.JUnit4IdeaTestRunner.startRunnerWithArgs(JUnit4IdeaTestRunner.java:69)
	at com.intellij.rt.junit.IdeaTestRunner$Repeater$1.execute(IdeaTestRunner.java:38)
	at com.intellij.rt.execution.junit.TestsRepeater.repeat(TestsRepeater.java:11)
	at com.intellij.rt.junit.IdeaTestRunner$Repeater.startRunnerWithArgs(IdeaTestRunner.java:35)
	at com.intellij.rt.junit.JUnitStarter.prepareStreamsAndStart(JUnitStarter.java:231)
	at com.intellij.rt.junit.JUnitStarter.main(JUnitStarter.java:55)
Caused by: org.springframework.beans.factory.NoSuchBeanDefinitionException: No qualifying bean of type 'com.slantedbookshelf.marketing.domain.activity.service.IRaffleOrder' available: expected at least 1 bean which qualifies as autowire candidate. Dependency annotations: {@javax.annotation.Resource(shareable=true, lookup="", name="", description="", authenticationType=CONTAINER, type=java.lang.Object.class, mappedName="")}
	at org.springframework.beans.factory.support.DefaultListableBeanFactory.raiseNoMatchingBeanFound(DefaultListableBeanFactory.java:1801)
	at org.springframework.beans.factory.support.DefaultListableBeanFactory.doResolveDependency(DefaultListableBeanFactory.java:1357)
	at org.springframework.beans.factory.support.DefaultListableBeanFactory.resolveDependency(DefaultListableBeanFactory.java:1311)
	at org.springframework.context.annotation.CommonAnnotationBeanPostProcessor.autowireResource(CommonAnnotationBeanPostProcessor.java:544)
	at org.springframework.context.annotation.CommonAnnotationBeanPostProcessor.getResource(CommonAnnotationBeanPostProcessor.java:520)
	at org.springframework.context.annotation.CommonAnnotationBeanPostProcessor$ResourceElement.getResourceToInject(CommonAnnotationBeanPostProcessor.java:673)
	at org.springframework.beans.factory.annotation.InjectionMetadata$InjectedElement.inject(InjectionMetadata.java:228)
	at org.springframework.beans.factory.annotation.InjectionMetadata.inject(InjectionMetadata.java:119)
	at org.springframework.context.annotation.CommonAnnotationBeanPostProcessor.postProcessProperties(CommonAnnotationBeanPostProcessor.java:329)
	... 29 common frames omitted
26-09-29.14:15:57.530 [main            ] INFO  RaffleOrderTest        - Starting RaffleOrderTest using Java 17.0.15 on LAPTOP-DN65J67E with PID 31948 (started by SlantedBookshelf in D:\Files\WorkSpace\vip_marketing\vip_marketing_proj\vip_marketing_proj-app)
26-09-29.14:15:57.532 [main            ] INFO  RaffleOrderTest        - The following 1 profile is active: "dev"
26-09-29.14:15:58.546 [main            ] INFO  RepositoryConfigurationDelegate - Multiple Spring Data modules found, entering strict repository configuration mode
26-09-29.14:15:58.549 [main            ] INFO  RepositoryConfigurationDelegate - Bootstrapping Spring Data Redis repositories in DEFAULT mode.
26-09-29.14:15:58.586 [main            ] INFO  RepositoryConfigurationDelegate - Finished Spring Data repository scanning in 22 ms. Found 0 Redis repository interfaces.
26-09-29.14:15:59.836 [main            ] INFO  Version                - Redisson 3.26.0
26-09-29.14:16:00.209 [redisson-netty-1-4] INFO  ConnectionsHolder      - 1 connections initialized for 127.0.0.1/127.0.0.1:6379
26-09-29.14:16:00.225 [redisson-netty-1-13] INFO  ConnectionsHolder      - 5 connections initialized for 127.0.0.1/127.0.0.1:6379
26-09-29.14:16:01.933 [main            ] INFO  EndpointLinksResolver  - Exposing 1 endpoint(s) beneath base path '/actuator'
26-09-29.14:16:01.993 [main            ] INFO  RaffleOrderTest        - Started RaffleOrderTest in 4.795 seconds (JVM running for 5.647)
26-09-29.14:16:02.413 [main            ] INFO  HikariDataSource       - Retail_HikariCP - Starting...
26-09-29.14:16:02.796 [main            ] INFO  HikariDataSource       - Retail_HikariCP - Start completed.
26-09-29.14:24:35.958 [main            ] INFO  RaffleOrderTest        - Starting RaffleOrderTest using Java 17.0.15 on LAPTOP-DN65J67E with PID 39116 (started by SlantedBookshelf in D:\Files\WorkSpace\vip_marketing\vip_marketing_proj\vip_marketing_proj-app)
26-09-29.14:24:35.958 [main            ] INFO  RaffleOrderTest        - The following 1 profile is active: "dev"
26-09-29.14:24:36.685 [main            ] INFO  RepositoryConfigurationDelegate - Multiple Spring Data modules found, entering strict repository configuration mode
26-09-29.14:24:36.687 [main            ] INFO  RepositoryConfigurationDelegate - Bootstrapping Spring Data Redis repositories in DEFAULT mode.
26-09-29.14:24:36.720 [main            ] INFO  RepositoryConfigurationDelegate - Finished Spring Data repository scanning in 20 ms. Found 0 Redis repository interfaces.
26-09-29.14:24:37.884 [main            ] INFO  Version                - Redisson 3.26.0
26-09-29.14:24:38.232 [redisson-netty-1-4] INFO  ConnectionsHolder      - 1 connections initialized for 127.0.0.1/127.0.0.1:6379
26-09-29.14:24:38.249 [redisson-netty-1-13] INFO  ConnectionsHolder      - 5 connections initialized for 127.0.0.1/127.0.0.1:6379
26-09-29.14:24:40.484 [main            ] INFO  EndpointLinksResolver  - Exposing 1 endpoint(s) beneath base path '/actuator'
26-09-29.14:24:40.576 [main            ] INFO  RaffleOrderTest        - Started RaffleOrderTest in 4.955 seconds (JVM running for 6.047)
26-09-29.14:24:49.312 [scheduling-1    ] INFO  UpdateAwardStockJob    - 定时任务，更新奖品消耗库存【延迟队列获取，降低对数据库的更新频次，不要产生竞争】
26-09-29.14:25:04.072 [main            ] INFO  HikariDataSource       - Retail_HikariCP - Starting...
26-09-29.14:25:04.763 [main            ] INFO  HikariDataSource       - Retail_HikariCP - Start completed.
26-09-29.14:25:08.473 [scheduling-1    ] INFO  UpdateAwardStockJob    - 定时任务，更新奖品消耗库存【延迟队列获取，降低对数据库的更新频次，不要产生竞争】
26-09-29.14:25:14.354 [scheduling-1    ] INFO  UpdateAwardStockJob    - 定时任务，更新奖品消耗库存【延迟队列获取，降低对数据库的更新频次，不要产生竞争】
26-09-29.14:25:16.483 [scheduling-1    ] INFO  UpdateAwardStockJob    - 定时任务，更新奖品消耗库存【延迟队列获取，降低对数据库的更新频次，不要产生竞争】
26-09-29.14:25:22.117 [scheduling-1    ] INFO  UpdateAwardStockJob    - 定时任务，更新奖品消耗库存【延迟队列获取，降低对数据库的更新频次，不要产生竞争】
26-09-29.14:25:48.965 [main            ] INFO  RaffleOrderTest        - Starting RaffleOrderTest using Java 17.0.15 on LAPTOP-DN65J67E with PID 34716 (started by SlantedBookshelf in D:\Files\WorkSpace\vip_marketing\vip_marketing_proj\vip_marketing_proj-app)
26-09-29.14:25:48.968 [main            ] INFO  RaffleOrderTest        - The following 1 profile is active: "dev"
26-09-29.14:25:49.669 [main            ] INFO  RepositoryConfigurationDelegate - Multiple Spring Data modules found, entering strict repository configuration mode
26-09-29.14:25:49.669 [main            ] INFO  RepositoryConfigurationDelegate - Bootstrapping Spring Data Redis repositories in DEFAULT mode.
26-09-29.14:25:49.716 [main            ] INFO  RepositoryConfigurationDelegate - Finished Spring Data repository scanning in 21 ms. Found 0 Redis repository interfaces.
26-09-29.14:25:50.869 [main            ] INFO  Version                - Redisson 3.26.0
26-09-29.14:25:51.215 [redisson-netty-1-4] INFO  ConnectionsHolder      - 1 connections initialized for 127.0.0.1/127.0.0.1:6379
26-09-29.14:25:51.233 [redisson-netty-1-13] INFO  ConnectionsHolder      - 5 connections initialized for 127.0.0.1/127.0.0.1:6379
26-09-29.14:25:53.231 [main            ] INFO  EndpointLinksResolver  - Exposing 1 endpoint(s) beneath base path '/actuator'
26-09-29.14:25:53.313 [main            ] INFO  RaffleOrderTest        - Started RaffleOrderTest in 4.687 seconds (JVM running for 5.437)
26-09-29.14:25:58.580 [scheduling-1    ] INFO  UpdateAwardStockJob    - 定时任务，更新奖品消耗库存【延迟队列获取，降低对数据库的更新频次，不要产生竞争】
26-09-29.14:26:40.139 [main            ] INFO  HikariDataSource       - Retail_HikariCP - Starting...
26-09-29.14:31:59.045 [main            ] INFO  RaffleOrderTest        - Starting RaffleOrderTest using Java 17.0.15 on LAPTOP-DN65J67E with PID 22916 (started by SlantedBookshelf in D:\Files\WorkSpace\vip_marketing\vip_marketing_proj\vip_marketing_proj-app)
26-09-29.14:31:59.046 [main            ] INFO  RaffleOrderTest        - The following 1 profile is active: "dev"
26-09-29.14:31:59.707 [main            ] INFO  RepositoryConfigurationDelegate - Multiple Spring Data modules found, entering strict repository configuration mode
26-09-29.14:31:59.710 [main            ] INFO  RepositoryConfigurationDelegate - Bootstrapping Spring Data Redis repositories in DEFAULT mode.
26-09-29.14:31:59.747 [main            ] INFO  RepositoryConfigurationDelegate - Finished Spring Data repository scanning in 23 ms. Found 0 Redis repository interfaces.
26-09-29.14:32:00.760 [main            ] INFO  Version                - Redisson 3.26.0
26-09-29.14:32:01.089 [redisson-netty-1-5] INFO  ConnectionsHolder      - 1 connections initialized for 127.0.0.1/127.0.0.1:6379
26-09-29.14:32:01.105 [redisson-netty-1-13] INFO  ConnectionsHolder      - 5 connections initialized for 127.0.0.1/127.0.0.1:6379
26-09-29.14:32:03.032 [main            ] INFO  EndpointLinksResolver  - Exposing 1 endpoint(s) beneath base path '/actuator'
26-09-29.14:32:03.111 [main            ] INFO  RaffleOrderTest        - Started RaffleOrderTest in 4.349 seconds (JVM running for 5.062)
26-09-29.14:32:03.528 [main            ] INFO  HikariDataSource       - Retail_HikariCP - Starting...
26-09-29.14:32:03.765 [main            ] INFO  HikariDataSource       - Retail_HikariCP - Start completed.
26-09-29.14:41:40.579 [main            ] INFO  RaffleOrderTest        - Starting RaffleOrderTest using Java 17.0.15 on LAPTOP-DN65J67E with PID 7828 (started by SlantedBookshelf in D:\Files\WorkSpace\vip_marketing\vip_marketing_proj\vip_marketing_proj-app)
26-09-29.14:41:40.580 [main            ] INFO  RaffleOrderTest        - The following 1 profile is active: "dev"
26-09-29.14:41:41.246 [main            ] INFO  RepositoryConfigurationDelegate - Multiple Spring Data modules found, entering strict repository configuration mode
26-09-29.14:41:41.248 [main            ] INFO  RepositoryConfigurationDelegate - Bootstrapping Spring Data Redis repositories in DEFAULT mode.
26-09-29.14:41:41.284 [main            ] INFO  RepositoryConfigurationDelegate - Finished Spring Data repository scanning in 23 ms. Found 0 Redis repository interfaces.
26-09-29.14:41:42.316 [main            ] INFO  Version                - Redisson 3.26.0
26-09-29.14:41:42.647 [redisson-netty-1-4] INFO  ConnectionsHolder      - 1 connections initialized for 127.0.0.1/127.0.0.1:6379
26-09-29.14:41:42.663 [redisson-netty-1-13] INFO  ConnectionsHolder      - 5 connections initialized for 127.0.0.1/127.0.0.1:6379
26-09-29.14:41:44.265 [main            ] INFO  EndpointLinksResolver  - Exposing 1 endpoint(s) beneath base path '/actuator'
26-09-29.14:41:44.317 [main            ] INFO  RaffleOrderTest        - Started RaffleOrderTest in 4.012 seconds (JVM running for 4.813)
26-09-29.14:41:44.630 [main            ] INFO  HikariDataSource       - Retail_HikariCP - Starting...
26-09-29.14:41:44.882 [main            ] INFO  HikariDataSource       - Retail_HikariCP - Start completed.
26-09-29.14:41:44.972 [main            ] INFO  ActivityBaseActionChain - 活动责任链-基础信息【有效期、状态】校验开始。
26-09-29.14:41:44.972 [main            ] INFO  ActivitySkuStockActionChain - 活动责任链-商品库存处理【校验&扣减】开始。
26-09-29.14:41:44.978 [main            ] INFO  HikariDataSource       - Retail_HikariCP - Starting...
26-09-29.14:41:44.998 [main            ] INFO  HikariDataSource       - Retail_HikariCP - Start completed.
26-09-29.14:41:45.007 [scheduling-1    ] INFO  UpdateAwardStockJob    - 定时任务，更新奖品消耗库存【延迟队列获取，降低对数据库的更新频次，不要产生竞争】
26-09-29.14:46:49.249 [main            ] INFO  RaffleOrderTest        - Starting RaffleOrderTest using Java 17.0.15 on LAPTOP-DN65J67E with PID 6716 (started by SlantedBookshelf in D:\Files\WorkSpace\vip_marketing\vip_marketing_proj\vip_marketing_proj-app)
26-09-29.14:46:49.250 [main            ] INFO  RaffleOrderTest        - The following 1 profile is active: "dev"
26-09-29.14:46:49.974 [main            ] INFO  RepositoryConfigurationDelegate - Multiple Spring Data modules found, entering strict repository configuration mode
26-09-29.14:46:49.976 [main            ] INFO  RepositoryConfigurationDelegate - Bootstrapping Spring Data Redis repositories in DEFAULT mode.
26-09-29.14:46:50.014 [main            ] INFO  RepositoryConfigurationDelegate - Finished Spring Data repository scanning in 23 ms. Found 0 Redis repository interfaces.
26-09-29.14:46:51.109 [main            ] INFO  Version                - Redisson 3.26.0
26-09-29.14:46:51.453 [redisson-netty-1-4] INFO  ConnectionsHolder      - 1 connections initialized for 127.0.0.1/127.0.0.1:6379
26-09-29.14:46:51.471 [redisson-netty-1-13] INFO  ConnectionsHolder      - 5 connections initialized for 127.0.0.1/127.0.0.1:6379
26-09-29.14:46:53.113 [main            ] INFO  EndpointLinksResolver  - Exposing 1 endpoint(s) beneath base path '/actuator'
26-09-29.14:46:53.170 [main            ] INFO  RaffleOrderTest        - Started RaffleOrderTest in 4.194 seconds (JVM running for 4.908)
26-09-29.14:46:53.550 [main            ] INFO  HikariDataSource       - Retail_HikariCP - Starting...
26-09-29.14:46:53.793 [main            ] INFO  HikariDataSource       - Retail_HikariCP - Start completed.
26-09-29.14:46:53.857 [main            ] INFO  ActivityBaseActionChain - 活动责任链-基础信息【有效期、状态】校验开始。
26-09-29.14:46:53.857 [main            ] INFO  ActivitySkuStockActionChain - 活动责任链-商品库存处理【校验&扣减】开始。
26-09-29.14:46:53.863 [main            ] INFO  HikariDataSource       - Retail_HikariCP - Starting...
26-09-29.14:46:53.884 [main            ] INFO  HikariDataSource       - Retail_HikariCP - Start completed.
26-09-29.14:56:41.054 [main            ] INFO  RaffleOrderTest        - Starting RaffleOrderTest using Java 17.0.15 on LAPTOP-DN65J67E with PID 8404 (started by SlantedBookshelf in D:\Files\WorkSpace\vip_marketing\vip_marketing_proj\vip_marketing_proj-app)
26-09-29.14:56:41.055 [main            ] INFO  RaffleOrderTest        - The following 1 profile is active: "dev"
26-09-29.14:56:43.183 [main            ] INFO  RepositoryConfigurationDelegate - Multiple Spring Data modules found, entering strict repository configuration mode
26-09-29.14:56:43.185 [main            ] INFO  RepositoryConfigurationDelegate - Bootstrapping Spring Data Redis repositories in DEFAULT mode.
26-09-29.14:56:43.215 [main            ] INFO  RepositoryConfigurationDelegate - Finished Spring Data repository scanning in 19 ms. Found 0 Redis repository interfaces.
26-09-29.14:56:44.369 [main            ] INFO  Version                - Redisson 3.26.0
26-09-29.14:56:44.700 [redisson-netty-1-5] INFO  ConnectionsHolder      - 1 connections initialized for 127.0.0.1/127.0.0.1:6379
26-09-29.14:56:44.715 [redisson-netty-1-13] INFO  ConnectionsHolder      - 5 connections initialized for 127.0.0.1/127.0.0.1:6379
26-09-29.14:56:46.411 [main            ] INFO  EndpointLinksResolver  - Exposing 1 endpoint(s) beneath base path '/actuator'
26-09-29.14:56:46.471 [main            ] INFO  RaffleOrderTest        - Started RaffleOrderTest in 5.699 seconds (JVM running for 6.424)
26-09-29.14:56:46.789 [main            ] INFO  HikariDataSource       - Retail_HikariCP - Starting...
26-09-29.14:56:47.016 [main            ] INFO  HikariDataSource       - Retail_HikariCP - Start completed.
26-09-29.14:56:47.093 [main            ] INFO  ActivityBaseActionChain - 活动责任链-基础信息【有效期、状态】校验开始。
26-09-29.14:56:47.093 [main            ] INFO  ActivitySkuStockActionChain - 活动责任链-商品库存处理【校验&扣减】开始。
26-09-29.14:56:47.097 [main            ] INFO  HikariDataSource       - Retail_HikariCP - Starting...
26-09-29.14:56:47.119 [main            ] INFO  HikariDataSource       - Retail_HikariCP - Start completed.
26-09-29.14:56:47.144 [main            ] INFO  RaffleOrderTest        - 测试结果：863987751880
26-09-29.14:59:38.142 [main            ] INFO  RaffleOrderTest        - Starting RaffleOrderTest using Java 17.0.15 on LAPTOP-DN65J67E with PID 37600 (started by SlantedBookshelf in D:\Files\WorkSpace\vip_marketing\vip_marketing_proj\vip_marketing_proj-app)
26-09-29.14:59:38.143 [main            ] INFO  RaffleOrderTest        - The following 1 profile is active: "dev"
26-09-29.14:59:38.854 [main            ] INFO  RepositoryConfigurationDelegate - Multiple Spring Data modules found, entering strict repository configuration mode
26-09-29.14:59:38.857 [main            ] INFO  RepositoryConfigurationDelegate - Bootstrapping Spring Data Redis repositories in DEFAULT mode.
26-09-29.14:59:38.890 [main            ] INFO  RepositoryConfigurationDelegate - Finished Spring Data repository scanning in 19 ms. Found 0 Redis repository interfaces.
26-09-29.14:59:39.985 [main            ] INFO  Version                - Redisson 3.26.0
26-09-29.14:59:40.344 [redisson-netty-1-4] INFO  ConnectionsHolder      - 1 connections initialized for 127.0.0.1/127.0.0.1:6379
26-09-29.14:59:40.361 [redisson-netty-1-13] INFO  ConnectionsHolder      - 5 connections initialized for 127.0.0.1/127.0.0.1:6379
26-09-29.14:59:42.447 [main            ] INFO  EndpointLinksResolver  - Exposing 1 endpoint(s) beneath base path '/actuator'
26-09-29.14:59:42.550 [main            ] INFO  RaffleOrderTest        - Started RaffleOrderTest in 4.754 seconds (JVM running for 5.509)
26-09-29.14:59:57.301 [scheduling-1    ] INFO  UpdateAwardStockJob    - 定时任务，更新奖品消耗库存【延迟队列获取，降低对数据库的更新频次，不要产生竞争】
26-09-29.15:04:04.861 [main            ] INFO  HikariDataSource       - Retail_HikariCP - Starting...
26-09-29.15:04:05.005 [scheduling-1    ] INFO  UpdateAwardStockJob    - 定时任务，更新奖品消耗库存【延迟队列获取，降低对数据库的更新频次，不要产生竞争】
26-09-29.15:04:05.543 [main            ] INFO  HikariDataSource       - Retail_HikariCP - Start completed.
26-09-29.15:04:29.083 [scheduling-1    ] INFO  UpdateAwardStockJob    - 定时任务，更新奖品消耗库存【延迟队列获取，降低对数据库的更新频次，不要产生竞争】
26-09-29.15:04:52.182 [Retail_HikariCP housekeeper] WARN  HikariPool             - Retail_HikariCP - Thread starvation or clock leap detected (housekeeper delta=45s43ms170µs400ns).
26-09-29.15:04:52.182 [scheduling-1    ] INFO  UpdateAwardStockJob    - 定时任务，更新奖品消耗库存【延迟队列获取，降低对数据库的更新频次，不要产生竞争】
26-09-29.15:04:56.995 [scheduling-1    ] INFO  UpdateAwardStockJob    - 定时任务，更新奖品消耗库存【延迟队列获取，降低对数据库的更新频次，不要产生竞争】
26-09-29.15:05:02.671 [main            ] INFO  ActivityBaseActionChain - 活动责任链-基础信息【有效期、状态】校验开始。
26-09-29.15:05:02.671 [main            ] INFO  ActivitySkuStockActionChain - 活动责任链-商品库存处理【校验&扣减】开始。
26-09-29.15:05:30.982 [scheduling-1    ] INFO  UpdateAwardStockJob    - 定时任务，更新奖品消耗库存【延迟队列获取，降低对数据库的更新频次，不要产生竞争】
26-09-29.15:05:33.488 [main            ] INFO  HikariDataSource       - Retail_HikariCP - Starting...
26-09-29.15:05:33.593 [main            ] INFO  HikariDataSource       - Retail_HikariCP - Start completed.
26-09-29.15:05:33.797 [main            ] ERROR ActivityRepository     - 写入订单记录，唯一索引冲突 userId: SlantedBookshelf activityId: 100301 sku: 9011
org.springframework.dao.DuplicateKeyException: 
### Error updating database.  Cause: java.sql.SQLIntegrityConstraintViolationException: Duplicate entry '700091009111' for key 'raffle_activity_order_002.uq_out_business_no'
### The error may exist in file [D:\Files\WorkSpace\vip_marketing\vip_marketing_proj\vip_marketing_proj-app\target\classes\mybatis\mapper\IRaffleActivityOrderDao.xml]
### The error may involve defaultParameterMap
### The error occurred while setting parameters
### SQL: INSERT INTO raffle_activity_order_002 (             user_id,             sku,             activity_id,             activity_name,             strategy_id,             order_id,             order_time,             total_count,             day_count,             month_count,             state,             out_business_no         ) VALUES (             ?,             ?,             ?,             ?,             ?,             ?,             ?,             ?,             ?,             ?,             ?,             ?         )
### Cause: java.sql.SQLIntegrityConstraintViolationException: Duplicate entry '700091009111' for key 'raffle_activity_order_002.uq_out_business_no'
; Duplicate entry '700091009111' for key 'raffle_activity_order_002.uq_out_business_no'; nested exception is java.sql.SQLIntegrityConstraintViolationException: Duplicate entry '700091009111' for key 'raffle_activity_order_002.uq_out_business_no'
	at org.springframework.jdbc.support.SQLErrorCodeSQLExceptionTranslator.doTranslate(SQLErrorCodeSQLExceptionTranslator.java:247)
	at org.springframework.jdbc.support.AbstractFallbackSQLExceptionTranslator.translate(AbstractFallbackSQLExceptionTranslator.java:70)
	at org.mybatis.spring.MyBatisExceptionTranslator.translateExceptionIfPossible(MyBatisExceptionTranslator.java:91)
	at org.mybatis.spring.SqlSessionTemplate$SqlSessionInterceptor.invoke(SqlSessionTemplate.java:441)
	at jdk.proxy2/jdk.proxy2.$Proxy108.insert(Unknown Source)
	at org.mybatis.spring.SqlSessionTemplate.insert(SqlSessionTemplate.java:272)
	at org.apache.ibatis.binding.MapperMethod.execute(MapperMethod.java:62)
	at org.apache.ibatis.binding.MapperProxy$PlainMethodInvoker.invoke(MapperProxy.java:152)
	at org.apache.ibatis.binding.MapperProxy.invoke(MapperProxy.java:85)
	at jdk.proxy2/jdk.proxy2.$Proxy122.insert(Unknown Source)
	at java.base/jdk.internal.reflect.NativeMethodAccessorImpl.invoke0(Native Method)
	at java.base/jdk.internal.reflect.NativeMethodAccessorImpl.invoke(NativeMethodAccessorImpl.java:77)
	at java.base/jdk.internal.reflect.DelegatingMethodAccessorImpl.invoke(DelegatingMethodAccessorImpl.java:43)
	at java.base/java.lang.reflect.Method.invoke(Method.java:569)
	at org.springframework.aop.support.AopUtils.invokeJoinpointUsingReflection(AopUtils.java:344)
	at org.springframework.aop.framework.ReflectiveMethodInvocation.invokeJoinpoint(ReflectiveMethodInvocation.java:198)
	at org.springframework.aop.framework.ReflectiveMethodInvocation.proceed(ReflectiveMethodInvocation.java:163)
	at org.springframework.aop.aspectj.MethodInvocationProceedingJoinPoint.proceed(MethodInvocationProceedingJoinPoint.java:89)
	at cn.bugstack.middleware.db.router.DBRouterJoinPoint.doRouter(DBRouterJoinPoint.java:65)
	at java.base/jdk.internal.reflect.NativeMethodAccessorImpl.invoke0(Native Method)
	at java.base/jdk.internal.reflect.NativeMethodAccessorImpl.invoke(NativeMethodAccessorImpl.java:77)
	at java.base/jdk.internal.reflect.DelegatingMethodAccessorImpl.invoke(DelegatingMethodAccessorImpl.java:43)
	at java.base/java.lang.reflect.Method.invoke(Method.java:569)
	at org.springframework.aop.aspectj.AbstractAspectJAdvice.invokeAdviceMethodWithGivenArgs(AbstractAspectJAdvice.java:634)
	at org.springframework.aop.aspectj.AbstractAspectJAdvice.invokeAdviceMethod(AbstractAspectJAdvice.java:624)
	at org.springframework.aop.aspectj.AspectJAroundAdvice.invoke(AspectJAroundAdvice.java:72)
	at org.springframework.aop.framework.ReflectiveMethodInvocation.proceed(ReflectiveMethodInvocation.java:175)
	at org.springframework.aop.interceptor.ExposeInvocationInterceptor.invoke(ExposeInvocationInterceptor.java:97)
	at org.springframework.aop.framework.ReflectiveMethodInvocation.proceed(ReflectiveMethodInvocation.java:186)
	at org.springframework.aop.framework.JdkDynamicAopProxy.invoke(JdkDynamicAopProxy.java:220)
	at jdk.proxy2/jdk.proxy2.$Proxy123.insert(Unknown Source)
	at com.slantedbookshelf.marketing.infrastructure.repository.ActivityRepository.lambda$doSaveOrder$0(ActivityRepository.java:133)
	at org.springframework.transaction.support.TransactionTemplate.execute(TransactionTemplate.java:140)
	at com.slantedbookshelf.marketing.infrastructure.repository.ActivityRepository.doSaveOrder(ActivityRepository.java:130)
	at com.slantedbookshelf.marketing.infrastructure.repository.ActivityRepository$$FastClassBySpringCGLIB$$6bd93f07.invoke(<generated>)
	at org.springframework.cglib.proxy.MethodProxy.invoke(MethodProxy.java:218)
	at org.springframework.aop.framework.CglibAopProxy$CglibMethodInvocation.invokeJoinpoint(CglibAopProxy.java:793)
	at org.springframework.aop.framework.ReflectiveMethodInvocation.proceed(ReflectiveMethodInvocation.java:163)
	at org.springframework.aop.framework.CglibAopProxy$CglibMethodInvocation.proceed(CglibAopProxy.java:763)
	at org.springframework.dao.support.PersistenceExceptionTranslationInterceptor.invoke(PersistenceExceptionTranslationInterceptor.java:137)
	at org.springframework.aop.framework.ReflectiveMethodInvocation.proceed(ReflectiveMethodInvocation.java:186)
	at org.springframework.aop.framework.CglibAopProxy$CglibMethodInvocation.proceed(CglibAopProxy.java:763)
	at org.springframework.aop.framework.CglibAopProxy$DynamicAdvisedInterceptor.intercept(CglibAopProxy.java:708)
	at com.slantedbookshelf.marketing.infrastructure.repository.ActivityRepository$$EnhancerBySpringCGLIB$$7ef9ccf0.doSaveOrder(<generated>)
	at com.slantedbookshelf.marketing.domain.activity.service.RaffleActivityService.doSaveOrder(RaffleActivityService.java:56)
	at com.slantedbookshelf.marketing.domain.activity.service.AbstractRaffleActivity.createSkuRechargeOrder(AbstractRaffleActivity.java:48)
	at com.slantedbookshelf.marketing.test.domain.activity.RaffleOrderTest.test_createSkuRechargeOrder(RaffleOrderTest.java:32)
	at java.base/jdk.internal.reflect.NativeMethodAccessorImpl.invoke0(Native Method)
	at java.base/jdk.internal.reflect.NativeMethodAccessorImpl.invoke(NativeMethodAccessorImpl.java:77)
	at java.base/jdk.internal.reflect.DelegatingMethodAccessorImpl.invoke(DelegatingMethodAccessorImpl.java:43)
	at java.base/java.lang.reflect.Method.invoke(Method.java:569)
	at org.junit.runners.model.FrameworkMethod$1.runReflectiveCall(FrameworkMethod.java:59)
	at org.junit.internal.runners.model.ReflectiveCallable.run(ReflectiveCallable.java:12)
	at org.junit.runners.model.FrameworkMethod.invokeExplosively(FrameworkMethod.java:56)
	at org.junit.internal.runners.statements.InvokeMethod.evaluate(InvokeMethod.java:17)
	at org.springframework.test.context.junit4.statements.RunBeforeTestExecutionCallbacks.evaluate(RunBeforeTestExecutionCallbacks.java:74)
	at org.springframework.test.context.junit4.statements.RunAfterTestExecutionCallbacks.evaluate(RunAfterTestExecutionCallbacks.java:84)
	at org.springframework.test.context.junit4.statements.RunBeforeTestMethodCallbacks.evaluate(RunBeforeTestMethodCallbacks.java:75)
	at org.springframework.test.context.junit4.statements.RunAfterTestMethodCallbacks.evaluate(RunAfterTestMethodCallbacks.java:86)
	at org.springframework.test.context.junit4.statements.SpringRepeat.evaluate(SpringRepeat.java:84)
	at org.junit.runners.ParentRunner.runLeaf(ParentRunner.java:366)
	at org.springframework.test.context.junit4.SpringJUnit4ClassRunner.runChild(SpringJUnit4ClassRunner.java:251)
	at org.springframework.test.context.junit4.SpringJUnit4ClassRunner.runChild(SpringJUnit4ClassRunner.java:97)
	at org.junit.runners.ParentRunner$4.run(ParentRunner.java:331)
	at org.junit.runners.ParentRunner$1.schedule(ParentRunner.java:79)
	at org.junit.runners.ParentRunner.runChildren(ParentRunner.java:329)
	at org.junit.runners.ParentRunner.access$100(ParentRunner.java:66)
	at org.junit.runners.ParentRunner$2.evaluate(ParentRunner.java:293)
	at org.springframework.test.context.junit4.statements.RunBeforeTestClassCallbacks.evaluate(RunBeforeTestClassCallbacks.java:61)
	at org.springframework.test.context.junit4.statements.RunAfterTestClassCallbacks.evaluate(RunAfterTestClassCallbacks.java:70)
	at org.junit.runners.ParentRunner$3.evaluate(ParentRunner.java:306)
	at org.junit.runners.ParentRunner.run(ParentRunner.java:413)
	at org.springframework.test.context.junit4.SpringJUnit4ClassRunner.run(SpringJUnit4ClassRunner.java:190)
	at org.junit.runner.JUnitCore.run(JUnitCore.java:137)
	at com.intellij.junit4.JUnit4IdeaTestRunner.startRunnerWithArgs(JUnit4IdeaTestRunner.java:69)
	at com.intellij.rt.junit.IdeaTestRunner$Repeater$1.execute(IdeaTestRunner.java:38)
	at com.intellij.rt.execution.junit.TestsRepeater.repeat(TestsRepeater.java:11)
	at com.intellij.rt.junit.IdeaTestRunner$Repeater.startRunnerWithArgs(IdeaTestRunner.java:35)
	at com.intellij.rt.junit.JUnitStarter.prepareStreamsAndStart(JUnitStarter.java:231)
	at com.intellij.rt.junit.JUnitStarter.main(JUnitStarter.java:55)
Caused by: java.sql.SQLIntegrityConstraintViolationException: Duplicate entry '700091009111' for key 'raffle_activity_order_002.uq_out_business_no'
	at com.mysql.cj.jdbc.exceptions.SQLError.createSQLException(SQLError.java:117)
	at com.mysql.cj.jdbc.exceptions.SQLError.createSQLException(SQLError.java:97)
	at com.mysql.cj.jdbc.exceptions.SQLExceptionsMapping.translateException(SQLExceptionsMapping.java:122)
	at com.mysql.cj.jdbc.ClientPreparedStatement.executeInternal(ClientPreparedStatement.java:953)
	at com.mysql.cj.jdbc.ClientPreparedStatement.execute(ClientPreparedStatement.java:370)
	at com.zaxxer.hikari.pool.ProxyPreparedStatement.execute(ProxyPreparedStatement.java:44)
	at com.zaxxer.hikari.pool.HikariProxyPreparedStatement.execute(HikariProxyPreparedStatement.java)
	at org.apache.ibatis.executor.statement.PreparedStatementHandler.update(PreparedStatementHandler.java:47)
	at org.apache.ibatis.executor.statement.RoutingStatementHandler.update(RoutingStatementHandler.java:74)
	at java.base/jdk.internal.reflect.NativeMethodAccessorImpl.invoke0(Native Method)
	at java.base/jdk.internal.reflect.NativeMethodAccessorImpl.invoke(NativeMethodAccessorImpl.java:77)
	at java.base/jdk.internal.reflect.DelegatingMethodAccessorImpl.invoke(DelegatingMethodAccessorImpl.java:43)
	at java.base/java.lang.reflect.Method.invoke(Method.java:569)
	at org.apache.ibatis.plugin.Plugin.invoke(Plugin.java:63)
	at jdk.proxy2/jdk.proxy2.$Proxy194.update(Unknown Source)
	at org.apache.ibatis.executor.SimpleExecutor.doUpdate(SimpleExecutor.java:50)
	at org.apache.ibatis.executor.BaseExecutor.update(BaseExecutor.java:117)
	at org.apache.ibatis.executor.CachingExecutor.update(CachingExecutor.java:76)
	at org.apache.ibatis.session.defaults.DefaultSqlSession.update(DefaultSqlSession.java:197)
	at org.apache.ibatis.session.defaults.DefaultSqlSession.insert(DefaultSqlSession.java:184)
	at java.base/jdk.internal.reflect.NativeMethodAccessorImpl.invoke0(Native Method)
	at java.base/jdk.internal.reflect.NativeMethodAccessorImpl.invoke(NativeMethodAccessorImpl.java:77)
	at java.base/jdk.internal.reflect.DelegatingMethodAccessorImpl.invoke(DelegatingMethodAccessorImpl.java:43)
	at java.base/java.lang.reflect.Method.invoke(Method.java:569)
	at org.mybatis.spring.SqlSessionTemplate$SqlSessionInterceptor.invoke(SqlSessionTemplate.java:427)
	... 76 common frames omitted
26-09-29.15:05:36.725 [scheduling-1    ] INFO  UpdateAwardStockJob    - 定时任务，更新奖品消耗库存【延迟队列获取，降低对数据库的更新频次，不要产生竞争】
26-09-29.15:05:41.639 [scheduling-1    ] INFO  UpdateAwardStockJob    - 定时任务，更新奖品消耗库存【延迟队列获取，降低对数据库的更新频次，不要产生竞争】
26-09-29.15:05:45.062 [scheduling-1    ] INFO  UpdateAwardStockJob    - 定时任务，更新奖品消耗库存【延迟队列获取，降低对数据库的更新频次，不要产生竞争】
26-09-29.15:06:00.958 [main            ] INFO  RaffleOrderTest        - Starting RaffleOrderTest using Java 17.0.15 on LAPTOP-DN65J67E with PID 27824 (started by SlantedBookshelf in D:\Files\WorkSpace\vip_marketing\vip_marketing_proj\vip_marketing_proj-app)
26-09-29.15:06:00.959 [main            ] INFO  RaffleOrderTest        - The following 1 profile is active: "dev"
26-09-29.15:06:01.614 [main            ] INFO  RepositoryConfigurationDelegate - Multiple Spring Data modules found, entering strict repository configuration mode
26-09-29.15:06:01.616 [main            ] INFO  RepositoryConfigurationDelegate - Bootstrapping Spring Data Redis repositories in DEFAULT mode.
26-09-29.15:06:01.650 [main            ] INFO  RepositoryConfigurationDelegate - Finished Spring Data repository scanning in 21 ms. Found 0 Redis repository interfaces.
26-09-29.15:06:02.642 [main            ] INFO  Version                - Redisson 3.26.0
26-09-29.15:06:02.947 [redisson-netty-1-4] INFO  ConnectionsHolder      - 1 connections initialized for 127.0.0.1/127.0.0.1:6379
26-09-29.15:06:02.963 [redisson-netty-1-13] INFO  ConnectionsHolder      - 5 connections initialized for 127.0.0.1/127.0.0.1:6379
26-09-29.15:06:04.619 [main            ] INFO  EndpointLinksResolver  - Exposing 1 endpoint(s) beneath base path '/actuator'
26-09-29.15:06:04.676 [main            ] INFO  RaffleOrderTest        - Started RaffleOrderTest in 3.988 seconds (JVM running for 4.691)
26-09-29.15:06:05.009 [main            ] INFO  HikariDataSource       - Retail_HikariCP - Starting...
26-09-29.15:06:05.009 [scheduling-1    ] INFO  UpdateAwardStockJob    - 定时任务，更新奖品消耗库存【延迟队列获取，降低对数据库的更新频次，不要产生竞争】
26-09-29.15:06:05.279 [main            ] INFO  HikariDataSource       - Retail_HikariCP - Start completed.
26-09-29.15:06:05.338 [main            ] INFO  ActivityBaseActionChain - 活动责任链-基础信息【有效期、状态】校验开始。
26-09-29.15:06:05.338 [main            ] INFO  ActivitySkuStockActionChain - 活动责任链-商品库存处理【校验&扣减】开始。
26-09-29.15:06:05.342 [main            ] INFO  HikariDataSource       - Retail_HikariCP - Starting...
26-09-29.15:06:05.363 [main            ] INFO  HikariDataSource       - Retail_HikariCP - Start completed.
26-09-29.15:06:05.435 [main            ] ERROR ActivityRepository     - 写入订单记录，唯一索引冲突 userId: SlantedBookshelf activityId: 100301 sku: 9011
org.springframework.dao.DuplicateKeyException: 
### Error updating database.  Cause: java.sql.SQLIntegrityConstraintViolationException: Duplicate entry '700091009111' for key 'raffle_activity_order_002.uq_out_business_no'
### The error may exist in file [D:\Files\WorkSpace\vip_marketing\vip_marketing_proj\vip_marketing_proj-app\target\classes\mybatis\mapper\IRaffleActivityOrderDao.xml]
### The error may involve defaultParameterMap
### The error occurred while setting parameters
### SQL: INSERT INTO raffle_activity_order_002 (             user_id,             sku,             activity_id,             activity_name,             strategy_id,             order_id,             order_time,             total_count,             day_count,             month_count,             state,             out_business_no         ) VALUES (             ?,             ?,             ?,             ?,             ?,             ?,             ?,             ?,             ?,             ?,             ?,             ?         )
### Cause: java.sql.SQLIntegrityConstraintViolationException: Duplicate entry '700091009111' for key 'raffle_activity_order_002.uq_out_business_no'
; Duplicate entry '700091009111' for key 'raffle_activity_order_002.uq_out_business_no'; nested exception is java.sql.SQLIntegrityConstraintViolationException: Duplicate entry '700091009111' for key 'raffle_activity_order_002.uq_out_business_no'
	at org.springframework.jdbc.support.SQLErrorCodeSQLExceptionTranslator.doTranslate(SQLErrorCodeSQLExceptionTranslator.java:247)
	at org.springframework.jdbc.support.AbstractFallbackSQLExceptionTranslator.translate(AbstractFallbackSQLExceptionTranslator.java:70)
	at org.mybatis.spring.MyBatisExceptionTranslator.translateExceptionIfPossible(MyBatisExceptionTranslator.java:91)
	at org.mybatis.spring.SqlSessionTemplate$SqlSessionInterceptor.invoke(SqlSessionTemplate.java:441)
	at jdk.proxy2/jdk.proxy2.$Proxy108.insert(Unknown Source)
	at org.mybatis.spring.SqlSessionTemplate.insert(SqlSessionTemplate.java:272)
	at org.apache.ibatis.binding.MapperMethod.execute(MapperMethod.java:62)
	at org.apache.ibatis.binding.MapperProxy$PlainMethodInvoker.invoke(MapperProxy.java:152)
	at org.apache.ibatis.binding.MapperProxy.invoke(MapperProxy.java:85)
	at jdk.proxy2/jdk.proxy2.$Proxy122.insert(Unknown Source)
	at java.base/jdk.internal.reflect.NativeMethodAccessorImpl.invoke0(Native Method)
	at java.base/jdk.internal.reflect.NativeMethodAccessorImpl.invoke(NativeMethodAccessorImpl.java:77)
	at java.base/jdk.internal.reflect.DelegatingMethodAccessorImpl.invoke(DelegatingMethodAccessorImpl.java:43)
	at java.base/java.lang.reflect.Method.invoke(Method.java:569)
	at org.springframework.aop.support.AopUtils.invokeJoinpointUsingReflection(AopUtils.java:344)
	at org.springframework.aop.framework.ReflectiveMethodInvocation.invokeJoinpoint(ReflectiveMethodInvocation.java:198)
	at org.springframework.aop.framework.ReflectiveMethodInvocation.proceed(ReflectiveMethodInvocation.java:163)
	at org.springframework.aop.aspectj.MethodInvocationProceedingJoinPoint.proceed(MethodInvocationProceedingJoinPoint.java:89)
	at cn.bugstack.middleware.db.router.DBRouterJoinPoint.doRouter(DBRouterJoinPoint.java:65)
	at java.base/jdk.internal.reflect.NativeMethodAccessorImpl.invoke0(Native Method)
	at java.base/jdk.internal.reflect.NativeMethodAccessorImpl.invoke(NativeMethodAccessorImpl.java:77)
	at java.base/jdk.internal.reflect.DelegatingMethodAccessorImpl.invoke(DelegatingMethodAccessorImpl.java:43)
	at java.base/java.lang.reflect.Method.invoke(Method.java:569)
	at org.springframework.aop.aspectj.AbstractAspectJAdvice.invokeAdviceMethodWithGivenArgs(AbstractAspectJAdvice.java:634)
	at org.springframework.aop.aspectj.AbstractAspectJAdvice.invokeAdviceMethod(AbstractAspectJAdvice.java:624)
	at org.springframework.aop.aspectj.AspectJAroundAdvice.invoke(AspectJAroundAdvice.java:72)
	at org.springframework.aop.framework.ReflectiveMethodInvocation.proceed(ReflectiveMethodInvocation.java:175)
	at org.springframework.aop.interceptor.ExposeInvocationInterceptor.invoke(ExposeInvocationInterceptor.java:97)
	at org.springframework.aop.framework.ReflectiveMethodInvocation.proceed(ReflectiveMethodInvocation.java:186)
	at org.springframework.aop.framework.JdkDynamicAopProxy.invoke(JdkDynamicAopProxy.java:220)
	at jdk.proxy2/jdk.proxy2.$Proxy123.insert(Unknown Source)
	at com.slantedbookshelf.marketing.infrastructure.repository.ActivityRepository.lambda$doSaveOrder$0(ActivityRepository.java:133)
	at org.springframework.transaction.support.TransactionTemplate.execute(TransactionTemplate.java:140)
	at com.slantedbookshelf.marketing.infrastructure.repository.ActivityRepository.doSaveOrder(ActivityRepository.java:130)
	at com.slantedbookshelf.marketing.infrastructure.repository.ActivityRepository$$FastClassBySpringCGLIB$$6bd93f07.invoke(<generated>)
	at org.springframework.cglib.proxy.MethodProxy.invoke(MethodProxy.java:218)
	at org.springframework.aop.framework.CglibAopProxy$CglibMethodInvocation.invokeJoinpoint(CglibAopProxy.java:793)
	at org.springframework.aop.framework.ReflectiveMethodInvocation.proceed(ReflectiveMethodInvocation.java:163)
	at org.springframework.aop.framework.CglibAopProxy$CglibMethodInvocation.proceed(CglibAopProxy.java:763)
	at org.springframework.dao.support.PersistenceExceptionTranslationInterceptor.invoke(PersistenceExceptionTranslationInterceptor.java:137)
	at org.springframework.aop.framework.ReflectiveMethodInvocation.proceed(ReflectiveMethodInvocation.java:186)
	at org.springframework.aop.framework.CglibAopProxy$CglibMethodInvocation.proceed(CglibAopProxy.java:763)
	at org.springframework.aop.framework.CglibAopProxy$DynamicAdvisedInterceptor.intercept(CglibAopProxy.java:708)
	at com.slantedbookshelf.marketing.infrastructure.repository.ActivityRepository$$EnhancerBySpringCGLIB$$cc5e0729.doSaveOrder(<generated>)
	at com.slantedbookshelf.marketing.domain.activity.service.RaffleActivityService.doSaveOrder(RaffleActivityService.java:56)
	at com.slantedbookshelf.marketing.domain.activity.service.AbstractRaffleActivity.createSkuRechargeOrder(AbstractRaffleActivity.java:48)
	at com.slantedbookshelf.marketing.test.domain.activity.RaffleOrderTest.test_createSkuRechargeOrder(RaffleOrderTest.java:32)
	at java.base/jdk.internal.reflect.NativeMethodAccessorImpl.invoke0(Native Method)
	at java.base/jdk.internal.reflect.NativeMethodAccessorImpl.invoke(NativeMethodAccessorImpl.java:77)
	at java.base/jdk.internal.reflect.DelegatingMethodAccessorImpl.invoke(DelegatingMethodAccessorImpl.java:43)
	at java.base/java.lang.reflect.Method.invoke(Method.java:569)
	at org.junit.runners.model.FrameworkMethod$1.runReflectiveCall(FrameworkMethod.java:59)
	at org.junit.internal.runners.model.ReflectiveCallable.run(ReflectiveCallable.java:12)
	at org.junit.runners.model.FrameworkMethod.invokeExplosively(FrameworkMethod.java:56)
	at org.junit.internal.runners.statements.InvokeMethod.evaluate(InvokeMethod.java:17)
	at org.springframework.test.context.junit4.statements.RunBeforeTestExecutionCallbacks.evaluate(RunBeforeTestExecutionCallbacks.java:74)
	at org.springframework.test.context.junit4.statements.RunAfterTestExecutionCallbacks.evaluate(RunAfterTestExecutionCallbacks.java:84)
	at org.springframework.test.context.junit4.statements.RunBeforeTestMethodCallbacks.evaluate(RunBeforeTestMethodCallbacks.java:75)
	at org.springframework.test.context.junit4.statements.RunAfterTestMethodCallbacks.evaluate(RunAfterTestMethodCallbacks.java:86)
	at org.springframework.test.context.junit4.statements.SpringRepeat.evaluate(SpringRepeat.java:84)
	at org.junit.runners.ParentRunner.runLeaf(ParentRunner.java:366)
	at org.springframework.test.context.junit4.SpringJUnit4ClassRunner.runChild(SpringJUnit4ClassRunner.java:251)
	at org.springframework.test.context.junit4.SpringJUnit4ClassRunner.runChild(SpringJUnit4ClassRunner.java:97)
	at org.junit.runners.ParentRunner$4.run(ParentRunner.java:331)
	at org.junit.runners.ParentRunner$1.schedule(ParentRunner.java:79)
	at org.junit.runners.ParentRunner.runChildren(ParentRunner.java:329)
	at org.junit.runners.ParentRunner.access$100(ParentRunner.java:66)
	at org.junit.runners.ParentRunner$2.evaluate(ParentRunner.java:293)
	at org.springframework.test.context.junit4.statements.RunBeforeTestClassCallbacks.evaluate(RunBeforeTestClassCallbacks.java:61)
	at org.springframework.test.context.junit4.statements.RunAfterTestClassCallbacks.evaluate(RunAfterTestClassCallbacks.java:70)
	at org.junit.runners.ParentRunner$3.evaluate(ParentRunner.java:306)
	at org.junit.runners.ParentRunner.run(ParentRunner.java:413)
	at org.springframework.test.context.junit4.SpringJUnit4ClassRunner.run(SpringJUnit4ClassRunner.java:190)
	at org.junit.runner.JUnitCore.run(JUnitCore.java:137)
	at com.intellij.junit4.JUnit4IdeaTestRunner.startRunnerWithArgs(JUnit4IdeaTestRunner.java:69)
	at com.intellij.rt.junit.IdeaTestRunner$Repeater$1.execute(IdeaTestRunner.java:38)
	at com.intellij.rt.execution.junit.TestsRepeater.repeat(TestsRepeater.java:11)
	at com.intellij.rt.junit.IdeaTestRunner$Repeater.startRunnerWithArgs(IdeaTestRunner.java:35)
	at com.intellij.rt.junit.JUnitStarter.prepareStreamsAndStart(JUnitStarter.java:231)
	at com.intellij.rt.junit.JUnitStarter.main(JUnitStarter.java:55)
Caused by: java.sql.SQLIntegrityConstraintViolationException: Duplicate entry '700091009111' for key 'raffle_activity_order_002.uq_out_business_no'
	at com.mysql.cj.jdbc.exceptions.SQLError.createSQLException(SQLError.java:117)
	at com.mysql.cj.jdbc.exceptions.SQLError.createSQLException(SQLError.java:97)
	at com.mysql.cj.jdbc.exceptions.SQLExceptionsMapping.translateException(SQLExceptionsMapping.java:122)
	at com.mysql.cj.jdbc.ClientPreparedStatement.executeInternal(ClientPreparedStatement.java:953)
	at com.mysql.cj.jdbc.ClientPreparedStatement.execute(ClientPreparedStatement.java:370)
	at com.zaxxer.hikari.pool.ProxyPreparedStatement.execute(ProxyPreparedStatement.java:44)
	at com.zaxxer.hikari.pool.HikariProxyPreparedStatement.execute(HikariProxyPreparedStatement.java)
	at org.apache.ibatis.executor.statement.PreparedStatementHandler.update(PreparedStatementHandler.java:47)
	at org.apache.ibatis.executor.statement.RoutingStatementHandler.update(RoutingStatementHandler.java:74)
	at java.base/jdk.internal.reflect.NativeMethodAccessorImpl.invoke0(Native Method)
	at java.base/jdk.internal.reflect.NativeMethodAccessorImpl.invoke(NativeMethodAccessorImpl.java:77)
	at java.base/jdk.internal.reflect.DelegatingMethodAccessorImpl.invoke(DelegatingMethodAccessorImpl.java:43)
	at java.base/java.lang.reflect.Method.invoke(Method.java:569)
	at org.apache.ibatis.plugin.Plugin.invoke(Plugin.java:63)
	at jdk.proxy2/jdk.proxy2.$Proxy194.update(Unknown Source)
	at org.apache.ibatis.executor.SimpleExecutor.doUpdate(SimpleExecutor.java:50)
	at org.apache.ibatis.executor.BaseExecutor.update(BaseExecutor.java:117)
	at org.apache.ibatis.executor.CachingExecutor.update(CachingExecutor.java:76)
	at org.apache.ibatis.session.defaults.DefaultSqlSession.update(DefaultSqlSession.java:197)
	at org.apache.ibatis.session.defaults.DefaultSqlSession.insert(DefaultSqlSession.java:184)
	at java.base/jdk.internal.reflect.NativeMethodAccessorImpl.invoke0(Native Method)
	at java.base/jdk.internal.reflect.NativeMethodAccessorImpl.invoke(NativeMethodAccessorImpl.java:77)
	at java.base/jdk.internal.reflect.DelegatingMethodAccessorImpl.invoke(DelegatingMethodAccessorImpl.java:43)
	at java.base/java.lang.reflect.Method.invoke(Method.java:569)
	at org.mybatis.spring.SqlSessionTemplate$SqlSessionInterceptor.invoke(SqlSessionTemplate.java:427)
	... 76 common frames omitted
26-09-29.15:27:05.193 [main            ] INFO  RaffleOrderTest        - Starting RaffleOrderTest using Java 17.0.15 on LAPTOP-DN65J67E with PID 36896 (started by SlantedBookshelf in D:\Files\WorkSpace\vip_marketing\vip_marketing_proj\vip_marketing_proj-app)
26-09-29.15:27:05.194 [main            ] INFO  RaffleOrderTest        - The following 1 profile is active: "dev"
26-09-29.15:27:05.854 [main            ] INFO  RepositoryConfigurationDelegate - Multiple Spring Data modules found, entering strict repository configuration mode
26-09-29.15:27:05.857 [main            ] INFO  RepositoryConfigurationDelegate - Bootstrapping Spring Data Redis repositories in DEFAULT mode.
26-09-29.15:27:05.891 [main            ] INFO  RepositoryConfigurationDelegate - Finished Spring Data repository scanning in 20 ms. Found 0 Redis repository interfaces.
26-09-29.15:27:06.906 [main            ] INFO  Version                - Redisson 3.26.0
26-09-29.15:27:07.241 [redisson-netty-1-4] INFO  ConnectionsHolder      - 1 connections initialized for 127.0.0.1/127.0.0.1:6379
26-09-29.15:27:07.258 [redisson-netty-1-13] INFO  ConnectionsHolder      - 5 connections initialized for 127.0.0.1/127.0.0.1:6379
26-09-29.15:27:08.863 [main            ] INFO  EndpointLinksResolver  - Exposing 1 endpoint(s) beneath base path '/actuator'
26-09-29.15:27:08.917 [main            ] INFO  RaffleOrderTest        - Started RaffleOrderTest in 3.987 seconds (JVM running for 4.696)
26-09-29.15:27:09.344 [main            ] INFO  HikariDataSource       - Retail_HikariCP - Starting...
26-09-29.15:27:09.627 [main            ] INFO  HikariDataSource       - Retail_HikariCP - Start completed.
26-09-29.15:28:21.079 [main            ] INFO  RaffleOrderTest        - Starting RaffleOrderTest using Java 17.0.15 on LAPTOP-DN65J67E with PID 40184 (started by SlantedBookshelf in D:\Files\WorkSpace\vip_marketing\vip_marketing_proj\vip_marketing_proj-app)
26-09-29.15:28:21.080 [main            ] INFO  RaffleOrderTest        - The following 1 profile is active: "dev"
26-09-29.15:28:21.764 [main            ] INFO  RepositoryConfigurationDelegate - Multiple Spring Data modules found, entering strict repository configuration mode
26-09-29.15:28:21.767 [main            ] INFO  RepositoryConfigurationDelegate - Bootstrapping Spring Data Redis repositories in DEFAULT mode.
26-09-29.15:28:21.800 [main            ] INFO  RepositoryConfigurationDelegate - Finished Spring Data repository scanning in 21 ms. Found 0 Redis repository interfaces.
26-09-29.15:28:22.808 [main            ] INFO  Version                - Redisson 3.26.0
26-09-29.15:28:23.113 [redisson-netty-1-4] INFO  ConnectionsHolder      - 1 connections initialized for 127.0.0.1/127.0.0.1:6379
26-09-29.15:28:23.129 [redisson-netty-1-13] INFO  ConnectionsHolder      - 5 connections initialized for 127.0.0.1/127.0.0.1:6379
26-09-29.15:28:24.689 [main            ] INFO  EndpointLinksResolver  - Exposing 1 endpoint(s) beneath base path '/actuator'
26-09-29.15:28:24.739 [main            ] INFO  RaffleOrderTest        - Started RaffleOrderTest in 3.931 seconds (JVM running for 4.646)
26-09-29.15:28:25.006 [scheduling-1    ] INFO  UpdateAwardStockJob    - 定时任务，更新奖品消耗库存【延迟队列获取，降低对数据库的更新频次，不要产生竞争】
26-09-29.15:28:25.092 [main            ] INFO  HikariDataSource       - Retail_HikariCP - Starting...
26-09-29.15:28:25.354 [main            ] INFO  HikariDataSource       - Retail_HikariCP - Start completed.
26-09-29.15:28:25.411 [main            ] INFO  ActivityBaseActionChain - 活动责任链-基础信息【有效期、状态】校验开始。
26-09-29.15:28:25.411 [main            ] INFO  ActivitySkuStockActionChain - 活动责任链-商品库存处理【校验&扣减】开始。
26-09-29.15:28:25.416 [main            ] INFO  HikariDataSource       - Retail_HikariCP - Starting...
26-09-29.15:28:25.440 [main            ] INFO  HikariDataSource       - Retail_HikariCP - Start completed.
26-09-29.15:28:25.466 [main            ] INFO  RaffleOrderTest        - 测试结果：228116937680
